[{"pli":"plop"}]
{"pli":"plop"}
